// Jest Snapshot v1, https://goo.gl/fbAQLP

exports[`Prueba a GifCard debe match con el snapshot 1`] = `
<div>
  <div
    class="card"
  >
    <img
      alt="gta"
      src="https://www.google.com/"
    />
    <p>
      gta
    </p>
  </div>
</div>
`;
